[0.195s] DEBUG:colcon:Command line arguments: ['/usr/bin/colcon', 'build', '--symlink-install', '--packages-select', 'ros2_autonomous_nav', 'meistar_description']
[0.196s] DEBUG:colcon:Parsed command line arguments: Namespace(log_base=None, log_level=None, verb_name='build', build_base='build', install_base='install', merge_install=False, symlink_install=True, test_result_base=None, continue_on_error=False, executor='parallel', parallel_workers=12, event_handlers=None, ignore_user_meta=False, metas=['./colcon.meta'], base_paths=['.'], packages_ignore=None, packages_ignore_regex=None, paths=None, packages_up_to=None, packages_up_to_regex=None, packages_above=None, packages_above_and_dependencies=None, packages_above_depth=None, packages_select_by_dep=None, packages_skip_by_dep=None, packages_skip_up_to=None, packages_select_build_failed=False, packages_skip_build_finished=False, packages_select_test_failures=False, packages_skip_test_passed=False, packages_select=['ros2_autonomous_nav', 'meistar_description'], packages_skip=None, packages_select_regex=None, packages_skip_regex=None, packages_start=None, packages_end=None, allow_overriding=[], cmake_args=None, cmake_target=None, cmake_target_skip_unavailable=False, cmake_clean_cache=False, cmake_clean_first=False, cmake_force_configure=False, ament_cmake_args=None, catkin_cmake_args=None, catkin_skip_building_tests=False, mixin_files=None, mixin=None, verb_parser=<colcon_mixin.mixin.mixin_argument.MixinArgumentDecorator object at 0x7d6c7f584620>, verb_extension=<colcon_core.verb.build.BuildVerb object at 0x7d6c7f584320>, main=<bound method BuildVerb.main of <colcon_core.verb.build.BuildVerb object at 0x7d6c7f584320>>, mixin_verb=('build',))
[0.266s] Level 1:colcon.colcon_core.package_discovery:discover_packages(colcon_meta) check parameters
[0.266s] Level 1:colcon.colcon_core.package_discovery:discover_packages(recursive) check parameters
[0.266s] Level 1:colcon.colcon_core.package_discovery:discover_packages(ignore) check parameters
[0.266s] Level 1:colcon.colcon_core.package_discovery:discover_packages(path) check parameters
[0.266s] Level 1:colcon.colcon_core.package_discovery:discover_packages(colcon_meta) discover
[0.267s] Level 1:colcon.colcon_core.package_discovery:discover_packages(recursive) discover
[0.267s] INFO:colcon.colcon_core.package_discovery:Crawling recursively for packages in '/home/so/Meistar'
[0.267s] Level 1:colcon.colcon_core.package_identification:_identify(.) by extensions ['ignore', 'ignore_ament_install']
[0.267s] Level 1:colcon.colcon_core.package_identification:_identify(.) by extension 'ignore'
[0.267s] Level 1:colcon.colcon_core.package_identification:_identify(.) by extension 'ignore_ament_install'
[0.267s] Level 1:colcon.colcon_core.package_identification:_identify(.) by extensions ['colcon_pkg']
[0.267s] Level 1:colcon.colcon_core.package_identification:_identify(.) by extension 'colcon_pkg'
[0.268s] Level 1:colcon.colcon_core.package_identification:_identify(.) by extensions ['colcon_meta']
[0.268s] Level 1:colcon.colcon_core.package_identification:_identify(.) by extension 'colcon_meta'
[0.268s] Level 1:colcon.colcon_core.package_identification:_identify(.) by extensions ['ros']
[0.268s] Level 1:colcon.colcon_core.package_identification:_identify(.) by extension 'ros'
[0.310s] Level 1:colcon.colcon_core.package_identification:_identify(.) by extensions ['cmake', 'python']
[0.310s] Level 1:colcon.colcon_core.package_identification:_identify(.) by extension 'cmake'
[0.310s] Level 1:colcon.colcon_core.package_identification:_identify(.) by extension 'python'
[0.311s] Level 1:colcon.colcon_core.package_identification:_identify(.) by extensions ['python_setup_py']
[0.311s] Level 1:colcon.colcon_core.package_identification:_identify(.) by extension 'python_setup_py'
[0.311s] Level 1:colcon.colcon_core.package_identification:_identify(build) by extensions ['ignore', 'ignore_ament_install']
[0.311s] Level 1:colcon.colcon_core.package_identification:_identify(build) by extension 'ignore'
[0.311s] Level 1:colcon.colcon_core.package_identification:_identify(build) ignored
[0.311s] Level 1:colcon.colcon_core.package_identification:_identify(docs) by extensions ['ignore', 'ignore_ament_install']
[0.312s] Level 1:colcon.colcon_core.package_identification:_identify(docs) by extension 'ignore'
[0.312s] Level 1:colcon.colcon_core.package_identification:_identify(docs) by extension 'ignore_ament_install'
[0.312s] Level 1:colcon.colcon_core.package_identification:_identify(docs) by extensions ['colcon_pkg']
[0.312s] Level 1:colcon.colcon_core.package_identification:_identify(docs) by extension 'colcon_pkg'
[0.312s] Level 1:colcon.colcon_core.package_identification:_identify(docs) by extensions ['colcon_meta']
[0.312s] Level 1:colcon.colcon_core.package_identification:_identify(docs) by extension 'colcon_meta'
[0.312s] Level 1:colcon.colcon_core.package_identification:_identify(docs) by extensions ['ros']
[0.312s] Level 1:colcon.colcon_core.package_identification:_identify(docs) by extension 'ros'
[0.312s] Level 1:colcon.colcon_core.package_identification:_identify(docs) by extensions ['cmake', 'python']
[0.312s] Level 1:colcon.colcon_core.package_identification:_identify(docs) by extension 'cmake'
[0.312s] Level 1:colcon.colcon_core.package_identification:_identify(docs) by extension 'python'
[0.313s] Level 1:colcon.colcon_core.package_identification:_identify(docs) by extensions ['python_setup_py']
[0.313s] Level 1:colcon.colcon_core.package_identification:_identify(docs) by extension 'python_setup_py'
[0.313s] Level 1:colcon.colcon_core.package_identification:_identify(install) by extensions ['ignore', 'ignore_ament_install']
[0.313s] Level 1:colcon.colcon_core.package_identification:_identify(install) by extension 'ignore'
[0.313s] Level 1:colcon.colcon_core.package_identification:_identify(install) ignored
[0.313s] Level 1:colcon.colcon_core.package_identification:_identify(log) by extensions ['ignore', 'ignore_ament_install']
[0.313s] Level 1:colcon.colcon_core.package_identification:_identify(log) by extension 'ignore'
[0.313s] Level 1:colcon.colcon_core.package_identification:_identify(log) ignored
[0.314s] Level 1:colcon.colcon_core.package_identification:_identify(scripts) by extensions ['ignore', 'ignore_ament_install']
[0.314s] Level 1:colcon.colcon_core.package_identification:_identify(scripts) by extension 'ignore'
[0.314s] Level 1:colcon.colcon_core.package_identification:_identify(scripts) by extension 'ignore_ament_install'
[0.314s] Level 1:colcon.colcon_core.package_identification:_identify(scripts) by extensions ['colcon_pkg']
[0.314s] Level 1:colcon.colcon_core.package_identification:_identify(scripts) by extension 'colcon_pkg'
[0.314s] Level 1:colcon.colcon_core.package_identification:_identify(scripts) by extensions ['colcon_meta']
[0.314s] Level 1:colcon.colcon_core.package_identification:_identify(scripts) by extension 'colcon_meta'
[0.314s] Level 1:colcon.colcon_core.package_identification:_identify(scripts) by extensions ['ros']
[0.314s] Level 1:colcon.colcon_core.package_identification:_identify(scripts) by extension 'ros'
[0.314s] Level 1:colcon.colcon_core.package_identification:_identify(scripts) by extensions ['cmake', 'python']
[0.314s] Level 1:colcon.colcon_core.package_identification:_identify(scripts) by extension 'cmake'
[0.315s] Level 1:colcon.colcon_core.package_identification:_identify(scripts) by extension 'python'
[0.315s] Level 1:colcon.colcon_core.package_identification:_identify(scripts) by extensions ['python_setup_py']
[0.315s] Level 1:colcon.colcon_core.package_identification:_identify(scripts) by extension 'python_setup_py'
[0.315s] Level 1:colcon.colcon_core.package_identification:_identify(src) by extensions ['ignore', 'ignore_ament_install']
[0.315s] Level 1:colcon.colcon_core.package_identification:_identify(src) by extension 'ignore'
[0.315s] Level 1:colcon.colcon_core.package_identification:_identify(src) by extension 'ignore_ament_install'
[0.315s] Level 1:colcon.colcon_core.package_identification:_identify(src) by extensions ['colcon_pkg']
[0.315s] Level 1:colcon.colcon_core.package_identification:_identify(src) by extension 'colcon_pkg'
[0.316s] Level 1:colcon.colcon_core.package_identification:_identify(src) by extensions ['colcon_meta']
[0.316s] Level 1:colcon.colcon_core.package_identification:_identify(src) by extension 'colcon_meta'
[0.316s] Level 1:colcon.colcon_core.package_identification:_identify(src) by extensions ['ros']
[0.316s] Level 1:colcon.colcon_core.package_identification:_identify(src) by extension 'ros'
[0.316s] Level 1:colcon.colcon_core.package_identification:_identify(src) by extensions ['cmake', 'python']
[0.316s] Level 1:colcon.colcon_core.package_identification:_identify(src) by extension 'cmake'
[0.316s] Level 1:colcon.colcon_core.package_identification:_identify(src) by extension 'python'
[0.316s] Level 1:colcon.colcon_core.package_identification:_identify(src) by extensions ['python_setup_py']
[0.316s] Level 1:colcon.colcon_core.package_identification:_identify(src) by extension 'python_setup_py'
[0.316s] Level 1:colcon.colcon_core.package_identification:_identify(src/meistar_description) by extensions ['ignore', 'ignore_ament_install']
[0.317s] Level 1:colcon.colcon_core.package_identification:_identify(src/meistar_description) by extension 'ignore'
[0.317s] Level 1:colcon.colcon_core.package_identification:_identify(src/meistar_description) by extension 'ignore_ament_install'
[0.317s] Level 1:colcon.colcon_core.package_identification:_identify(src/meistar_description) by extensions ['colcon_pkg']
[0.317s] Level 1:colcon.colcon_core.package_identification:_identify(src/meistar_description) by extension 'colcon_pkg'
[0.317s] Level 1:colcon.colcon_core.package_identification:_identify(src/meistar_description) by extensions ['colcon_meta']
[0.317s] Level 1:colcon.colcon_core.package_identification:_identify(src/meistar_description) by extension 'colcon_meta'
[0.317s] Level 1:colcon.colcon_core.package_identification:_identify(src/meistar_description) by extensions ['ros']
[0.317s] Level 1:colcon.colcon_core.package_identification:_identify(src/meistar_description) by extension 'ros'
[0.321s] DEBUG:colcon.colcon_core.package_identification:Package 'src/meistar_description' with type 'ros.ament_cmake' and name 'meistar_description'
[0.321s] Level 1:colcon.colcon_core.package_identification:_identify(src/ros2_autonomous_nav) by extensions ['ignore', 'ignore_ament_install']
[0.322s] Level 1:colcon.colcon_core.package_identification:_identify(src/ros2_autonomous_nav) by extension 'ignore'
[0.322s] Level 1:colcon.colcon_core.package_identification:_identify(src/ros2_autonomous_nav) by extension 'ignore_ament_install'
[0.322s] Level 1:colcon.colcon_core.package_identification:_identify(src/ros2_autonomous_nav) by extensions ['colcon_pkg']
[0.322s] Level 1:colcon.colcon_core.package_identification:_identify(src/ros2_autonomous_nav) by extension 'colcon_pkg'
[0.322s] Level 1:colcon.colcon_core.package_identification:_identify(src/ros2_autonomous_nav) by extensions ['colcon_meta']
[0.322s] Level 1:colcon.colcon_core.package_identification:_identify(src/ros2_autonomous_nav) by extension 'colcon_meta'
[0.322s] Level 1:colcon.colcon_core.package_identification:_identify(src/ros2_autonomous_nav) by extensions ['ros']
[0.322s] Level 1:colcon.colcon_core.package_identification:_identify(src/ros2_autonomous_nav) by extension 'ros'
[0.323s] DEBUG:colcon.colcon_core.package_identification:Package 'src/ros2_autonomous_nav' with type 'ros.ament_python' and name 'ros2_autonomous_nav'
[0.323s] Level 1:colcon.colcon_core.package_discovery:discover_packages(recursive) using defaults
[0.323s] Level 1:colcon.colcon_core.package_discovery:discover_packages(ignore) discover
[0.323s] Level 1:colcon.colcon_core.package_discovery:discover_packages(ignore) using defaults
[0.324s] Level 1:colcon.colcon_core.package_discovery:discover_packages(path) discover
[0.324s] Level 1:colcon.colcon_core.package_discovery:discover_packages(path) using defaults
[0.353s] Level 1:colcon.colcon_core.package_discovery:discover_packages(prefix_path) check parameters
[0.353s] Level 1:colcon.colcon_core.package_discovery:discover_packages(prefix_path) discover
[0.359s] DEBUG:colcon.colcon_installed_package_information.package_discovery:Found 284 installed packages in /opt/ros/jazzy
[0.360s] Level 1:colcon.colcon_core.package_discovery:discover_packages(prefix_path) using defaults
[0.427s] Level 5:colcon.colcon_core.verb:set package 'meistar_description' build argument 'cmake_args' from command line to 'None'
[0.427s] Level 5:colcon.colcon_core.verb:set package 'meistar_description' build argument 'cmake_target' from command line to 'None'
[0.427s] Level 5:colcon.colcon_core.verb:set package 'meistar_description' build argument 'cmake_target_skip_unavailable' from command line to 'False'
[0.427s] Level 5:colcon.colcon_core.verb:set package 'meistar_description' build argument 'cmake_clean_cache' from command line to 'False'
[0.427s] Level 5:colcon.colcon_core.verb:set package 'meistar_description' build argument 'cmake_clean_first' from command line to 'False'
[0.427s] Level 5:colcon.colcon_core.verb:set package 'meistar_description' build argument 'cmake_force_configure' from command line to 'False'
[0.427s] Level 5:colcon.colcon_core.verb:set package 'meistar_description' build argument 'ament_cmake_args' from command line to 'None'
[0.427s] Level 5:colcon.colcon_core.verb:set package 'meistar_description' build argument 'catkin_cmake_args' from command line to 'None'
[0.427s] Level 5:colcon.colcon_core.verb:set package 'meistar_description' build argument 'catkin_skip_building_tests' from command line to 'False'
[0.427s] DEBUG:colcon.colcon_core.verb:Building package 'meistar_description' with the following arguments: {'ament_cmake_args': None, 'build_base': '/home/so/Meistar/build/meistar_description', 'catkin_cmake_args': None, 'catkin_skip_building_tests': False, 'cmake_args': None, 'cmake_clean_cache': False, 'cmake_clean_first': False, 'cmake_force_configure': False, 'cmake_target': None, 'cmake_target_skip_unavailable': False, 'install_base': '/home/so/Meistar/install/meistar_description', 'merge_install': False, 'path': '/home/so/Meistar/src/meistar_description', 'symlink_install': True, 'test_result_base': None}
[0.428s] Level 5:colcon.colcon_core.verb:set package 'ros2_autonomous_nav' build argument 'cmake_args' from command line to 'None'
[0.428s] Level 5:colcon.colcon_core.verb:set package 'ros2_autonomous_nav' build argument 'cmake_target' from command line to 'None'
[0.428s] Level 5:colcon.colcon_core.verb:set package 'ros2_autonomous_nav' build argument 'cmake_target_skip_unavailable' from command line to 'False'
[0.428s] Level 5:colcon.colcon_core.verb:set package 'ros2_autonomous_nav' build argument 'cmake_clean_cache' from command line to 'False'
[0.428s] Level 5:colcon.colcon_core.verb:set package 'ros2_autonomous_nav' build argument 'cmake_clean_first' from command line to 'False'
[0.428s] Level 5:colcon.colcon_core.verb:set package 'ros2_autonomous_nav' build argument 'cmake_force_configure' from command line to 'False'
[0.428s] Level 5:colcon.colcon_core.verb:set package 'ros2_autonomous_nav' build argument 'ament_cmake_args' from command line to 'None'
[0.428s] Level 5:colcon.colcon_core.verb:set package 'ros2_autonomous_nav' build argument 'catkin_cmake_args' from command line to 'None'
[0.428s] Level 5:colcon.colcon_core.verb:set package 'ros2_autonomous_nav' build argument 'catkin_skip_building_tests' from command line to 'False'
[0.428s] DEBUG:colcon.colcon_core.verb:Building package 'ros2_autonomous_nav' with the following arguments: {'ament_cmake_args': None, 'build_base': '/home/so/Meistar/build/ros2_autonomous_nav', 'catkin_cmake_args': None, 'catkin_skip_building_tests': False, 'cmake_args': None, 'cmake_clean_cache': False, 'cmake_clean_first': False, 'cmake_force_configure': False, 'cmake_target': None, 'cmake_target_skip_unavailable': False, 'install_base': '/home/so/Meistar/install/ros2_autonomous_nav', 'merge_install': False, 'path': '/home/so/Meistar/src/ros2_autonomous_nav', 'symlink_install': True, 'test_result_base': None}
[0.428s] INFO:colcon.colcon_core.executor:Executing jobs using 'parallel' executor
[0.430s] DEBUG:colcon.colcon_parallel_executor.executor.parallel:run_until_complete
[0.430s] INFO:colcon.colcon_ros.task.ament_cmake.build:Building ROS package in '/home/so/Meistar/src/meistar_description' with build type 'ament_cmake'
[0.430s] INFO:colcon.colcon_cmake.task.cmake.build:Building CMake package in '/home/so/Meistar/src/meistar_description'
[0.434s] INFO:colcon.colcon_core.plugin_system:Skipping extension 'colcon_core.shell.bat': Not used on non-Windows systems
[0.435s] INFO:colcon.colcon_core.shell:Skip shell extension 'powershell' for command environment: Not usable outside of PowerShell
[0.435s] DEBUG:colcon.colcon_core.shell:Skip shell extension 'dsv' for command environment
[0.440s] INFO:colcon.colcon_ros.task.ament_python.build:Building ROS package in '/home/so/Meistar/src/ros2_autonomous_nav' with build type 'ament_python'
[0.440s] Level 1:colcon.colcon_core.shell:create_environment_hook('ros2_autonomous_nav', 'ament_prefix_path')
[0.440s] INFO:colcon.colcon_core.shell:Creating environment hook '/home/so/Meistar/install/ros2_autonomous_nav/share/ros2_autonomous_nav/hook/ament_prefix_path.ps1'
[0.442s] INFO:colcon.colcon_core.shell:Creating environment descriptor '/home/so/Meistar/install/ros2_autonomous_nav/share/ros2_autonomous_nav/hook/ament_prefix_path.dsv'
[0.443s] INFO:colcon.colcon_core.shell:Creating environment hook '/home/so/Meistar/install/ros2_autonomous_nav/share/ros2_autonomous_nav/hook/ament_prefix_path.sh'
[0.444s] INFO:colcon.colcon_core.shell:Skip shell extension 'powershell' for command environment: Not usable outside of PowerShell
[0.444s] DEBUG:colcon.colcon_core.shell:Skip shell extension 'dsv' for command environment
[0.457s] DEBUG:colcon.colcon_core.event_handler.log_command:Invoking command in '/home/so/Meistar/build/meistar_description': CMAKE_PREFIX_PATH=${CMAKE_PREFIX_PATH}:/opt/ros/jazzy DEBUGINFOD_URLS=https://debuginfod.ubuntu.com /usr/bin/cmake --build /home/so/Meistar/build/meistar_description -- -j12 -l12
[0.845s] INFO:colcon.colcon_core.task.python.build:Building Python package in '/home/so/Meistar/src/ros2_autonomous_nav'
[0.845s] INFO:colcon.colcon_core.shell:Skip shell extension 'powershell' for command environment: Not usable outside of PowerShell
[0.845s] DEBUG:colcon.colcon_core.shell:Skip shell extension 'dsv' for command environment
[0.852s] DEBUG:colcon.colcon_core.event_handler.log_command:Invoked command in '/home/so/Meistar/build/meistar_description' returned '0': CMAKE_PREFIX_PATH=${CMAKE_PREFIX_PATH}:/opt/ros/jazzy DEBUGINFOD_URLS=https://debuginfod.ubuntu.com /usr/bin/cmake --build /home/so/Meistar/build/meistar_description -- -j12 -l12
[0.873s] DEBUG:colcon.colcon_core.event_handler.log_command:Invoking command in '/home/so/Meistar/build/meistar_description': CMAKE_PREFIX_PATH=${CMAKE_PREFIX_PATH}:/opt/ros/jazzy DEBUGINFOD_URLS=https://debuginfod.ubuntu.com /usr/bin/cmake --install /home/so/Meistar/build/meistar_description
[0.920s] Level 1:colcon.colcon_core.environment:create_environment_scripts_only(meistar_description)
[0.922s] DEBUG:colcon.colcon_core.event_handler.log_command:Invoked command in '/home/so/Meistar/build/meistar_description' returned '0': CMAKE_PREFIX_PATH=${CMAKE_PREFIX_PATH}:/opt/ros/jazzy DEBUGINFOD_URLS=https://debuginfod.ubuntu.com /usr/bin/cmake --install /home/so/Meistar/build/meistar_description
[0.926s] Level 1:colcon.colcon_core.environment:checking '/home/so/Meistar/install/meistar_description' for CMake module files
[0.927s] Level 1:colcon.colcon_core.environment:checking '/home/so/Meistar/install/meistar_description' for CMake config files
[0.927s] Level 1:colcon.colcon_core.shell:create_environment_hook('meistar_description', 'cmake_prefix_path')
[0.928s] INFO:colcon.colcon_core.shell:Creating environment hook '/home/so/Meistar/install/meistar_description/share/meistar_description/hook/cmake_prefix_path.ps1'
[0.929s] INFO:colcon.colcon_core.shell:Creating environment descriptor '/home/so/Meistar/install/meistar_description/share/meistar_description/hook/cmake_prefix_path.dsv'
[0.929s] INFO:colcon.colcon_core.shell:Creating environment hook '/home/so/Meistar/install/meistar_description/share/meistar_description/hook/cmake_prefix_path.sh'
[0.930s] Level 1:colcon.colcon_core.environment:checking '/home/so/Meistar/install/meistar_description/bin'
[0.930s] Level 1:colcon.colcon_core.environment:checking '/home/so/Meistar/install/meistar_description/lib/pkgconfig/meistar_description.pc'
[0.931s] Level 1:colcon.colcon_core.environment:checking '/home/so/Meistar/install/meistar_description/lib/python3.12/site-packages'
[0.931s] Level 1:colcon.colcon_core.environment:checking '/home/so/Meistar/install/meistar_description/bin'
[0.932s] INFO:colcon.colcon_core.shell:Creating package script '/home/so/Meistar/install/meistar_description/share/meistar_description/package.ps1'
[0.934s] INFO:colcon.colcon_core.shell:Creating package descriptor '/home/so/Meistar/install/meistar_description/share/meistar_description/package.dsv'
[0.935s] INFO:colcon.colcon_core.shell:Creating package script '/home/so/Meistar/install/meistar_description/share/meistar_description/package.sh'
[0.936s] INFO:colcon.colcon_core.shell:Creating package script '/home/so/Meistar/install/meistar_description/share/meistar_description/package.bash'
[0.937s] INFO:colcon.colcon_core.shell:Creating package script '/home/so/Meistar/install/meistar_description/share/meistar_description/package.zsh'
[0.938s] Level 1:colcon.colcon_core.environment:create_file_with_runtime_dependencies(/home/so/Meistar/install/meistar_description/share/colcon-core/packages/meistar_description)
[0.939s] Level 1:colcon.colcon_core.environment:create_environment_scripts_only(meistar_description)
[0.939s] Level 1:colcon.colcon_core.environment:checking '/home/so/Meistar/install/meistar_description' for CMake module files
[0.940s] Level 1:colcon.colcon_core.environment:checking '/home/so/Meistar/install/meistar_description' for CMake config files
[0.941s] Level 1:colcon.colcon_core.shell:create_environment_hook('meistar_description', 'cmake_prefix_path')
[0.941s] INFO:colcon.colcon_core.shell:Creating environment hook '/home/so/Meistar/install/meistar_description/share/meistar_description/hook/cmake_prefix_path.ps1'
[0.942s] INFO:colcon.colcon_core.shell:Creating environment descriptor '/home/so/Meistar/install/meistar_description/share/meistar_description/hook/cmake_prefix_path.dsv'
[0.942s] INFO:colcon.colcon_core.shell:Creating environment hook '/home/so/Meistar/install/meistar_description/share/meistar_description/hook/cmake_prefix_path.sh'
[0.943s] Level 1:colcon.colcon_core.environment:checking '/home/so/Meistar/install/meistar_description/bin'
[0.943s] Level 1:colcon.colcon_core.environment:checking '/home/so/Meistar/install/meistar_description/lib/pkgconfig/meistar_description.pc'
[0.944s] Level 1:colcon.colcon_core.environment:checking '/home/so/Meistar/install/meistar_description/lib/python3.12/site-packages'
[0.944s] Level 1:colcon.colcon_core.environment:checking '/home/so/Meistar/install/meistar_description/bin'
[0.945s] INFO:colcon.colcon_core.shell:Creating package script '/home/so/Meistar/install/meistar_description/share/meistar_description/package.ps1'
[0.946s] INFO:colcon.colcon_core.shell:Creating package descriptor '/home/so/Meistar/install/meistar_description/share/meistar_description/package.dsv'
[0.946s] INFO:colcon.colcon_core.shell:Creating package script '/home/so/Meistar/install/meistar_description/share/meistar_description/package.sh'
[0.947s] INFO:colcon.colcon_core.shell:Creating package script '/home/so/Meistar/install/meistar_description/share/meistar_description/package.bash'
[0.948s] INFO:colcon.colcon_core.shell:Creating package script '/home/so/Meistar/install/meistar_description/share/meistar_description/package.zsh'
[0.949s] Level 1:colcon.colcon_core.environment:create_file_with_runtime_dependencies(/home/so/Meistar/install/meistar_description/share/colcon-core/packages/meistar_description)
[1.964s] DEBUG:colcon.colcon_core.event_handler.log_command:Invoking command in '/home/so/Meistar/build/ros2_autonomous_nav': DEBUGINFOD_URLS=https://debuginfod.ubuntu.com PYTHONPATH=/home/so/Meistar/build/ros2_autonomous_nav/prefix_override:/usr/lib/python3/dist-packages/colcon_core/task/python/colcon_distutils_commands:/home/so/Meistar/install/ros2_autonomous_nav/lib/python3.12/site-packages:${PYTHONPATH} /usr/bin/python3 -W ignore:setup.py install is deprecated -W ignore:easy_install command is deprecated setup.py develop --editable --build-directory /home/so/Meistar/build/ros2_autonomous_nav/build --no-deps symlink_data
[3.152s] Level 1:colcon.colcon_core.shell:create_environment_hook('ros2_autonomous_nav', 'pythonpath_develop')
[3.153s] INFO:colcon.colcon_core.shell:Creating environment hook '/home/so/Meistar/build/ros2_autonomous_nav/share/ros2_autonomous_nav/hook/pythonpath_develop.ps1'
[3.154s] DEBUG:colcon.colcon_core.event_handler.log_command:Invoked command in '/home/so/Meistar/build/ros2_autonomous_nav' returned '0': DEBUGINFOD_URLS=https://debuginfod.ubuntu.com PYTHONPATH=/home/so/Meistar/build/ros2_autonomous_nav/prefix_override:/usr/lib/python3/dist-packages/colcon_core/task/python/colcon_distutils_commands:/home/so/Meistar/install/ros2_autonomous_nav/lib/python3.12/site-packages:${PYTHONPATH} /usr/bin/python3 -W ignore:setup.py install is deprecated -W ignore:easy_install command is deprecated setup.py develop --editable --build-directory /home/so/Meistar/build/ros2_autonomous_nav/build --no-deps symlink_data
[3.155s] INFO:colcon.colcon_core.shell:Creating environment descriptor '/home/so/Meistar/build/ros2_autonomous_nav/share/ros2_autonomous_nav/hook/pythonpath_develop.dsv'
[3.156s] INFO:colcon.colcon_core.shell:Creating environment hook '/home/so/Meistar/build/ros2_autonomous_nav/share/ros2_autonomous_nav/hook/pythonpath_develop.sh'
[3.157s] Level 1:colcon.colcon_core.environment:checking '/home/so/Meistar/install/ros2_autonomous_nav' for CMake module files
[3.157s] Level 1:colcon.colcon_core.environment:checking '/home/so/Meistar/install/ros2_autonomous_nav' for CMake config files
[3.159s] Level 1:colcon.colcon_core.environment:checking '/home/so/Meistar/install/ros2_autonomous_nav/lib'
[3.159s] Level 1:colcon.colcon_core.environment:checking '/home/so/Meistar/install/ros2_autonomous_nav/bin'
[3.159s] Level 1:colcon.colcon_core.environment:checking '/home/so/Meistar/install/ros2_autonomous_nav/lib/pkgconfig/ros2_autonomous_nav.pc'
[3.160s] Level 1:colcon.colcon_core.environment:checking '/home/so/Meistar/install/ros2_autonomous_nav/lib/python3.12/site-packages'
[3.160s] Level 1:colcon.colcon_core.shell:create_environment_hook('ros2_autonomous_nav', 'pythonpath')
[3.160s] INFO:colcon.colcon_core.shell:Creating environment hook '/home/so/Meistar/install/ros2_autonomous_nav/share/ros2_autonomous_nav/hook/pythonpath.ps1'
[3.161s] INFO:colcon.colcon_core.shell:Creating environment descriptor '/home/so/Meistar/install/ros2_autonomous_nav/share/ros2_autonomous_nav/hook/pythonpath.dsv'
[3.162s] INFO:colcon.colcon_core.shell:Creating environment hook '/home/so/Meistar/install/ros2_autonomous_nav/share/ros2_autonomous_nav/hook/pythonpath.sh'
[3.163s] Level 1:colcon.colcon_core.environment:checking '/home/so/Meistar/install/ros2_autonomous_nav/bin'
[3.164s] Level 1:colcon.colcon_core.environment:create_environment_scripts_only(ros2_autonomous_nav)
[3.164s] INFO:colcon.colcon_core.shell:Creating package script '/home/so/Meistar/install/ros2_autonomous_nav/share/ros2_autonomous_nav/package.ps1'
[3.166s] INFO:colcon.colcon_core.shell:Creating package descriptor '/home/so/Meistar/install/ros2_autonomous_nav/share/ros2_autonomous_nav/package.dsv'
[3.167s] INFO:colcon.colcon_core.shell:Creating package script '/home/so/Meistar/install/ros2_autonomous_nav/share/ros2_autonomous_nav/package.sh'
[3.168s] INFO:colcon.colcon_core.shell:Creating package script '/home/so/Meistar/install/ros2_autonomous_nav/share/ros2_autonomous_nav/package.bash'
[3.168s] INFO:colcon.colcon_core.shell:Creating package script '/home/so/Meistar/install/ros2_autonomous_nav/share/ros2_autonomous_nav/package.zsh'
[3.169s] Level 1:colcon.colcon_core.environment:create_file_with_runtime_dependencies(/home/so/Meistar/install/ros2_autonomous_nav/share/colcon-core/packages/ros2_autonomous_nav)
[3.170s] DEBUG:colcon.colcon_parallel_executor.executor.parallel:closing loop
[3.171s] DEBUG:colcon.colcon_parallel_executor.executor.parallel:loop closed
[3.171s] DEBUG:colcon.colcon_parallel_executor.executor.parallel:run_until_complete finished with '0'
[3.171s] DEBUG:colcon.colcon_core.event_reactor:joining thread
[3.180s] INFO:colcon.colcon_core.plugin_system:Skipping extension 'colcon_notification.desktop_notification.terminal_notifier': Not used on non-Darwin systems
[3.180s] INFO:colcon.colcon_core.plugin_system:Skipping extension 'colcon_notification.desktop_notification.win32': Not used on non-Windows systems
[3.180s] INFO:colcon.colcon_notification.desktop_notification:Sending desktop notification using 'notify2'
[3.200s] DEBUG:colcon.colcon_core.event_reactor:joined thread
[3.201s] INFO:colcon.colcon_core.shell:Creating prefix script '/home/so/Meistar/install/local_setup.ps1'
[3.203s] INFO:colcon.colcon_core.shell:Creating prefix util module '/home/so/Meistar/install/_local_setup_util_ps1.py'
[3.204s] INFO:colcon.colcon_core.shell:Creating prefix chain script '/home/so/Meistar/install/setup.ps1'
[3.206s] INFO:colcon.colcon_core.shell:Creating prefix script '/home/so/Meistar/install/local_setup.sh'
[3.207s] INFO:colcon.colcon_core.shell:Creating prefix util module '/home/so/Meistar/install/_local_setup_util_sh.py'
[3.208s] INFO:colcon.colcon_core.shell:Creating prefix chain script '/home/so/Meistar/install/setup.sh'
[3.209s] INFO:colcon.colcon_core.shell:Creating prefix script '/home/so/Meistar/install/local_setup.bash'
[3.210s] INFO:colcon.colcon_core.shell:Creating prefix chain script '/home/so/Meistar/install/setup.bash'
[3.211s] INFO:colcon.colcon_core.shell:Creating prefix script '/home/so/Meistar/install/local_setup.zsh'
[3.212s] INFO:colcon.colcon_core.shell:Creating prefix chain script '/home/so/Meistar/install/setup.zsh'
