[0.010s] Invoking command in '/home/so/Meistar/build/meistar_description': CMAKE_PREFIX_PATH=${CMAKE_PREFIX_PATH}:/opt/ros/jazzy DEBUGINFOD_URLS=https://debuginfod.ubuntu.com /usr/bin/cmake /home/so/Meistar/src/meistar_description -DAMENT_CMAKE_SYMLINK_INSTALL=1 -DCMAKE_INSTALL_PREFIX=/home/so/Meistar/install/meistar_description
[0.113s] -- The C compiler identification is GNU 13.3.0
[0.196s] -- The CXX compiler identification is GNU 13.3.0
[0.215s] -- Detecting C compiler ABI info
[0.307s] -- Detecting C compiler ABI info - done
[0.314s] -- Check for working C compiler: /usr/bin/cc - skipped
[0.315s] -- Detecting C compile features
[0.315s] -- Detecting C compile features - done
[0.325s] -- Detecting CXX compiler ABI info
[0.426s] -- Detecting CXX compiler ABI info - done
[0.433s] -- Check for working CXX compiler: /usr/bin/c++ - skipped
[0.434s] -- Detecting CXX compile features
[0.434s] -- Detecting CXX compile features - done
[0.445s] -- Found ament_cmake: 2.5.6 (/opt/ros/jazzy/share/ament_cmake/cmake)
[0.589s] -- Found Python3: /usr/bin/python3 (found version "3.12.3") found components: Interpreter 
[0.657s] -- Override CMake install command with custom implementation using symlinks instead of copying resources
[0.719s] -- Found urdf: 2.10.0 (/opt/ros/jazzy/share/urdf/cmake)
[0.780s] -- Found TinyXML2 via Config file: /usr/lib/x86_64-linux-gnu/cmake/tinyxml2
[0.797s] -- Found xacro: 2.1.1 (/opt/ros/jazzy/share/xacro/cmake)
[0.801s] -- Found ament_lint_auto: 0.17.5 (/opt/ros/jazzy/share/ament_lint_auto/cmake)
[0.894s] -- Configuring done (0.9s)
[0.897s] -- Generating done (0.0s)
[0.899s] -- Build files have been written to: /home/so/Meistar/build/meistar_description
[0.906s] Invoked command in '/home/so/Meistar/build/meistar_description' returned '0': CMAKE_PREFIX_PATH=${CMAKE_PREFIX_PATH}:/opt/ros/jazzy DEBUGINFOD_URLS=https://debuginfod.ubuntu.com /usr/bin/cmake /home/so/Meistar/src/meistar_description -DAMENT_CMAKE_SYMLINK_INSTALL=1 -DCMAKE_INSTALL_PREFIX=/home/so/Meistar/install/meistar_description
[0.907s] Invoking command in '/home/so/Meistar/build/meistar_description': CMAKE_PREFIX_PATH=${CMAKE_PREFIX_PATH}:/opt/ros/jazzy DEBUGINFOD_URLS=https://debuginfod.ubuntu.com /usr/bin/cmake --build /home/so/Meistar/build/meistar_description -- -j12 -l12
[0.951s] Invoked command in '/home/so/Meistar/build/meistar_description' returned '0': CMAKE_PREFIX_PATH=${CMAKE_PREFIX_PATH}:/opt/ros/jazzy DEBUGINFOD_URLS=https://debuginfod.ubuntu.com /usr/bin/cmake --build /home/so/Meistar/build/meistar_description -- -j12 -l12
[0.962s] Invoking command in '/home/so/Meistar/build/meistar_description': CMAKE_PREFIX_PATH=${CMAKE_PREFIX_PATH}:/opt/ros/jazzy DEBUGINFOD_URLS=https://debuginfod.ubuntu.com /usr/bin/cmake --install /home/so/Meistar/build/meistar_description
[0.970s] -- Install configuration: ""
[0.971s] -- Execute custom install script
[0.972s] -- Symlinking: /home/so/Meistar/install/meistar_description/share/meistar_description/urdf/robot.urdf.xacro
[0.982s] -- Symlinking: /home/so/Meistar/install/meistar_description/share/meistar_description/launch/all_system.launch.py
[0.991s] -- Symlinking: /home/so/Meistar/install/meistar_description/share/meistar_description/launch/spawn.launch.py
[1.000s] -- Symlinking: /home/so/Meistar/install/meistar_description/share/meistar_description/config/bridge.yaml
[1.010s] -- Symlinking: /home/so/Meistar/install/meistar_description/share/meistar_description/config/nav2_params.yaml
[1.019s] -- Symlinking: /home/so/Meistar/install/meistar_description/share/meistar_description/config/params.yaml
[1.030s] -- Symlinking: /home/so/Meistar/install/meistar_description/share/meistar_description/worlds/my_custom_world.sdf
[1.041s] -- Symlinking: /home/so/Meistar/install/meistar_description/share/meistar_description/worlds/my_world.sdf
[1.050s] -- Symlinking: /home/so/Meistar/install/meistar_description/share/ament_index/resource_index/package_run_dependencies/meistar_description
[1.061s] -- Symlinking: /home/so/Meistar/install/meistar_description/share/ament_index/resource_index/parent_prefix_path/meistar_description
[1.071s] -- Symlinking: /home/so/Meistar/install/meistar_description/share/meistar_description/environment/ament_prefix_path.sh
[1.081s] -- Symlinking: /home/so/Meistar/install/meistar_description/share/meistar_description/environment/ament_prefix_path.dsv
[1.090s] -- Symlinking: /home/so/Meistar/install/meistar_description/share/meistar_description/environment/path.sh
[1.099s] -- Symlinking: /home/so/Meistar/install/meistar_description/share/meistar_description/environment/path.dsv
[1.109s] -- Symlinking: /home/so/Meistar/install/meistar_description/share/meistar_description/local_setup.bash
[1.118s] -- Symlinking: /home/so/Meistar/install/meistar_description/share/meistar_description/local_setup.sh
[1.129s] -- Symlinking: /home/so/Meistar/install/meistar_description/share/meistar_description/local_setup.zsh
[1.139s] -- Symlinking: /home/so/Meistar/install/meistar_description/share/meistar_description/local_setup.dsv
[1.149s] -- Symlinking: /home/so/Meistar/install/meistar_description/share/meistar_description/package.dsv
[1.159s] -- Symlinking: /home/so/Meistar/install/meistar_description/share/ament_index/resource_index/packages/meistar_description
[1.169s] -- Symlinking: /home/so/Meistar/install/meistar_description/share/meistar_description/cmake/meistar_descriptionConfig.cmake
[1.179s] -- Symlinking: /home/so/Meistar/install/meistar_description/share/meistar_description/cmake/meistar_descriptionConfig-version.cmake
[1.188s] -- Symlinking: /home/so/Meistar/install/meistar_description/share/meistar_description/package.xml
[1.199s] Invoked command in '/home/so/Meistar/build/meistar_description' returned '0': CMAKE_PREFIX_PATH=${CMAKE_PREFIX_PATH}:/opt/ros/jazzy DEBUGINFOD_URLS=https://debuginfod.ubuntu.com /usr/bin/cmake --install /home/so/Meistar/build/meistar_description
