[0.699s] Invoking command in '/home/so/Meistar/build/ros2_autonomous_nav': DEBUGINFOD_URLS=https://debuginfod.ubuntu.com PYTHONPATH=/home/so/Meistar/build/ros2_autonomous_nav/prefix_override:/usr/lib/python3/dist-packages/colcon_core/task/python/colcon_distutils_commands:/home/so/Meistar/install/ros2_autonomous_nav/lib/python3.12/site-packages:${PYTHONPATH} /usr/bin/python3 -W ignore:setup.py install is deprecated -W ignore:easy_install command is deprecated setup.py develop --editable --build-directory /home/so/Meistar/build/ros2_autonomous_nav/build --no-deps symlink_data
[0.981s] running develop
[1.158s] running egg_info
[1.158s] creating ros2_autonomous_nav.egg-info
[1.175s] writing ros2_autonomous_nav.egg-info/PKG-INFO
[1.175s] writing dependency_links to ros2_autonomous_nav.egg-info/dependency_links.txt
[1.175s] writing entry points to ros2_autonomous_nav.egg-info/entry_points.txt
[1.175s] writing requirements to ros2_autonomous_nav.egg-info/requires.txt
[1.175s] writing top-level names to ros2_autonomous_nav.egg-info/top_level.txt
[1.175s] writing manifest file 'ros2_autonomous_nav.egg-info/SOURCES.txt'
[1.192s] reading manifest file 'ros2_autonomous_nav.egg-info/SOURCES.txt'
[1.192s] writing manifest file 'ros2_autonomous_nav.egg-info/SOURCES.txt'
[1.211s] running build_ext
[1.229s] Creating /home/so/Meistar/install/ros2_autonomous_nav/lib/python3.12/site-packages/ros2-autonomous-nav.egg-link (link to .)
[1.229s] Installing waypoint_follower script to /home/so/Meistar/install/ros2_autonomous_nav/lib/ros2_autonomous_nav
[1.230s] 
[1.230s] Installed /home/so/Meistar/build/ros2_autonomous_nav
[1.230s] running symlink_data
[1.230s] creating /home/so/Meistar/install/ros2_autonomous_nav/share/ament_index
[1.230s] creating /home/so/Meistar/install/ros2_autonomous_nav/share/ament_index/resource_index
[1.230s] creating /home/so/Meistar/install/ros2_autonomous_nav/share/ament_index/resource_index/packages
[1.230s] symbolically linking /home/so/Meistar/build/ros2_autonomous_nav/resource/ros2_autonomous_nav -> /home/so/Meistar/install/ros2_autonomous_nav/share/ament_index/resource_index/packages
[1.230s] symbolically linking /home/so/Meistar/build/ros2_autonomous_nav/package.xml -> /home/so/Meistar/install/ros2_autonomous_nav/share/ros2_autonomous_nav
[1.231s] creating /home/so/Meistar/install/ros2_autonomous_nav/share/ros2_autonomous_nav/launch
[1.231s] symbolically linking /home/so/Meistar/build/ros2_autonomous_nav/launch/robot_state_publisher.launch.py -> /home/so/Meistar/install/ros2_autonomous_nav/share/ros2_autonomous_nav/launch
[1.231s] symbolically linking /home/so/Meistar/build/ros2_autonomous_nav/launch/slam.launch.py -> /home/so/Meistar/install/ros2_autonomous_nav/share/ros2_autonomous_nav/launch
[1.231s] symbolically linking /home/so/Meistar/build/ros2_autonomous_nav/launch/real_robot.launch.py -> /home/so/Meistar/install/ros2_autonomous_nav/share/ros2_autonomous_nav/launch
[1.231s] symbolically linking /home/so/Meistar/build/ros2_autonomous_nav/launch/navigation.launch.py -> /home/so/Meistar/install/ros2_autonomous_nav/share/ros2_autonomous_nav/launch
[1.231s] symbolically linking /home/so/Meistar/build/ros2_autonomous_nav/launch/mapping_nav.launch.py -> /home/so/Meistar/install/ros2_autonomous_nav/share/ros2_autonomous_nav/launch
[1.231s] symbolically linking /home/so/Meistar/build/ros2_autonomous_nav/launch/slam_map.launch.py -> /home/so/Meistar/install/ros2_autonomous_nav/share/ros2_autonomous_nav/launch
[1.231s] symbolically linking /home/so/Meistar/build/ros2_autonomous_nav/launch/simulation.launch.py -> /home/so/Meistar/install/ros2_autonomous_nav/share/ros2_autonomous_nav/launch
[1.231s] symbolically linking /home/so/Meistar/build/ros2_autonomous_nav/launch/robot_nav.launch.py -> /home/so/Meistar/install/ros2_autonomous_nav/share/ros2_autonomous_nav/launch
[1.231s] creating /home/so/Meistar/install/ros2_autonomous_nav/share/ros2_autonomous_nav/urdf
[1.232s] symbolically linking /home/so/Meistar/build/ros2_autonomous_nav/urdf/my_robot_cpu.urdf -> /home/so/Meistar/install/ros2_autonomous_nav/share/ros2_autonomous_nav/urdf
[1.232s] symbolically linking /home/so/Meistar/build/ros2_autonomous_nav/urdf/my_robot_gpu.urdf -> /home/so/Meistar/install/ros2_autonomous_nav/share/ros2_autonomous_nav/urdf
[1.232s] creating /home/so/Meistar/install/ros2_autonomous_nav/share/ros2_autonomous_nav/worlds
[1.232s] symbolically linking /home/so/Meistar/build/ros2_autonomous_nav/worlds/nav_world.sdf -> /home/so/Meistar/install/ros2_autonomous_nav/share/ros2_autonomous_nav/worlds
[1.232s] symbolically linking /home/so/Meistar/build/ros2_autonomous_nav/worlds/my_custom_world.sdf -> /home/so/Meistar/install/ros2_autonomous_nav/share/ros2_autonomous_nav/worlds
[1.232s] creating /home/so/Meistar/install/ros2_autonomous_nav/share/ros2_autonomous_nav/config
[1.232s] symbolically linking /home/so/Meistar/build/ros2_autonomous_nav/config/nav2_rviz.rviz -> /home/so/Meistar/install/ros2_autonomous_nav/share/ros2_autonomous_nav/config
[1.232s] symbolically linking /home/so/Meistar/build/ros2_autonomous_nav/config/nav2_params.yaml -> /home/so/Meistar/install/ros2_autonomous_nav/share/ros2_autonomous_nav/config
[1.232s] symbolically linking /home/so/Meistar/build/ros2_autonomous_nav/config/real_mapper_params_online_async.yaml -> /home/so/Meistar/install/ros2_autonomous_nav/share/ros2_autonomous_nav/config
[1.232s] symbolically linking /home/so/Meistar/build/ros2_autonomous_nav/config/real_nav2_params.yaml -> /home/so/Meistar/install/ros2_autonomous_nav/share/ros2_autonomous_nav/config
[1.233s] symbolically linking /home/so/Meistar/build/ros2_autonomous_nav/config/mapper_params_online_async.yaml -> /home/so/Meistar/install/ros2_autonomous_nav/share/ros2_autonomous_nav/config
[1.233s] symbolically linking /home/so/Meistar/build/ros2_autonomous_nav/config/mapping_nav_params.yaml -> /home/so/Meistar/install/ros2_autonomous_nav/share/ros2_autonomous_nav/config
[1.233s] creating /home/so/Meistar/install/ros2_autonomous_nav/share/ros2_autonomous_nav/maps
[1.233s] symbolically linking /home/so/Meistar/build/ros2_autonomous_nav/maps/nav_world.pgm -> /home/so/Meistar/install/ros2_autonomous_nav/share/ros2_autonomous_nav/maps
[1.233s] symbolically linking /home/so/Meistar/build/ros2_autonomous_nav/maps/nav_world.yaml -> /home/so/Meistar/install/ros2_autonomous_nav/share/ros2_autonomous_nav/maps
[1.233s] creating /home/so/Meistar/install/ros2_autonomous_nav/share/ros2_autonomous_nav/scripts
[1.233s] symbolically linking /home/so/Meistar/build/ros2_autonomous_nav/scripts/generate_map.py -> /home/so/Meistar/install/ros2_autonomous_nav/share/ros2_autonomous_nav/scripts
[1.233s] symbolically linking /home/so/Meistar/build/ros2_autonomous_nav/scripts/waypoint_follower.py -> /home/so/Meistar/install/ros2_autonomous_nav/share/ros2_autonomous_nav/scripts
[1.281s] Invoked command in '/home/so/Meistar/build/ros2_autonomous_nav' returned '0': DEBUGINFOD_URLS=https://debuginfod.ubuntu.com PYTHONPATH=/home/so/Meistar/build/ros2_autonomous_nav/prefix_override:/usr/lib/python3/dist-packages/colcon_core/task/python/colcon_distutils_commands:/home/so/Meistar/install/ros2_autonomous_nav/lib/python3.12/site-packages:${PYTHONPATH} /usr/bin/python3 -W ignore:setup.py install is deprecated -W ignore:easy_install command is deprecated setup.py develop --editable --build-directory /home/so/Meistar/build/ros2_autonomous_nav/build --no-deps symlink_data
